## RTPS Threads

### threads

(gdb) i threads
  Id   Target Id         Frame
* 1    Thread 0x7ffff7fc7740 (LWP 10787) "HelloWorldExamp" eprosima::fastrtps::rtps::UDPv4Transport::generate_endpoint (this=0x5555557e2b00, loc=..., port=7400)
    at /home/work/workspace/aiot/standard/wave/Fast-RTPS/src/cpp/transport/UDPv4Transport.cpp:225
  2    Thread 0x7ffff5497700 (LWP 10789) "HelloWorldExamp" 0x00007ffff6d49f85 in futex_abstimed_wait_cancelable (private=<optimized out>, abstime=0x7ffff5496d20, expected=0,
    futex_word=0x5555557e27c4) at ../sysdeps/unix/sysv/linux/futex-internal.h:205
  3    Thread 0x7ffff4c96700 (LWP 10790) "HelloWorldExamp" __lll_lock_wait () at ../sysdeps/unix/sysv/linux/x86_64/lowlevellock.S:135
  4    Thread 0x7fffeffff700 (LWP 10792) "HelloWorldExamp" 0x00007ffff6d4e567 in __libc_recvmsg (fd=7, msg=0x7fffefffe6f0, flags=0) at ../sysdeps/unix/sysv/linux/recvmsg.c:28
  5    Thread 0x7fffef7fe700 (LWP 10796) "HelloWorldExamp" 0x00007ffff6d4e567 in __libc_recvmsg (fd=8, msg=0x7fffef7fd6f0, flags=0) at ../sysdeps/unix/sysv/linux/recvmsg.c:28
  6    Thread 0x7fffeeffd700 (LWP 10797) "HelloWorldExamp" 0x00007ffff6d499f3 in futex_wait_cancelable (private=<optimized out>, expected=0, futex_word=0x5555557e2958)

### thread 1

```
#0  eprosima::fastrtps::rtps::UDPv4Transport::generate_endpoint (this=0x5555557e2b00, loc=..., port=7400)
    at /home/work/workspace/aiot/standard/wave/Fast-RTPS/src/cpp/transport/UDPv4Transport.cpp:225
#1  0x00007ffff773b31b in eprosima::fastrtps::rtps::UDPTransportInterface::send (this=0x5555557e2b00, send_buffer=0x55555584eb60 "RTPS\002\002\001\017\001\017\360\265#*",
    send_buffer_size=228, socket=..., remote_locator=..., only_multicast_purpose=false, timeout=...)
    at /home/work/workspace/aiot/standard/wave/Fast-RTPS/src/cpp/transport/UDPTransportInterface.cpp:449
#2  0x00007ffff773c79d in eprosima::fastrtps::rtps::UDPSenderResource::UDPSenderResource(eprosima::fastrtps::rtps::UDPTransportInterface&, asio::basic_datagram_socket<asio::ip::udp, asio::datagram_socket_service<asio::ip::udp> >&, bool)::{lambda(unsigned char const*, unsigned int, eprosima::fastrtps::rtps::Locator_t const&, std::chrono::duration<long, std::ratio<1l, 1000000l> > const&)#2}::operator()(unsigned char const*, unsigned int, eprosima::fastrtps::rtps::Locator_t const&, std::chrono::duration<long, std::ratio<1l, 1000000l> > const&) const (
    __closure=0x5555557bd700, data=0x55555584eb60 "RTPS\002\002\001\017\001\017\360\265#*", dataSize=228, destination=..., timeout=...)
    at /home/work/workspace/aiot/standard/wave/Fast-RTPS/src/cpp/transport/UDPSenderResource.hpp:49
#3  0x00007ffff773dd45 in std::_Function_handler<bool (unsigned char const*, unsigned int, eprosima::fastrtps::rtps::Locator_t const&, std::chrono::duration<long, std::ratio<1l, 1000000l> > const&), eprosima::fastrtps::rtps::UDPSenderResource::UDPSenderResource(eprosima::fastrtps::rtps::UDPTransportInterface&, asio::basic_datagram_socket<asio::ip::udp, asio::datagram_socket_service<asio::ip::udp> >&, bool)::{lambda(unsigned char const*, unsigned int, eprosima::fastrtps::rtps::Locator_t const&, std::chrono::duration<long, std::ratio<1l, 1000000l> > const&)#2}>::_M_invoke(std::_Any_data const&, unsigned char const*&&, unsigned int&&, eprosima::fastrtps::rtps::Locator_t const&, std::chrono::duration<long, std::ratio<1l, 1000000l> > const&) (
    __functor=..., __args#0=@0x7fffffff87b0: 0x55555584eb60 "RTPS\002\002\001\017\001\017\360\265#*", __args#1=@0x7fffffff87ac: 228, __args#2=..., __args#3=...)
    at /usr/include/c++/7/bits/std_function.h:302
#4  0x00007ffff76b500b in std::function<bool (unsigned char const*, unsigned int, eprosima::fastrtps::rtps::Locator_t const&, std::chrono::duration<long, std::ratio<1l, 1000000l> > const&)>::operator()(unsigned char const*, unsigned int, eprosima::fastrtps::rtps::Locator_t const&, std::chrono::duration<long, std::ratio<1l, 1000000l> > const&) const (this=0x5555557bd700,
    __args#0=0x55555584eb60 "RTPS\002\002\001\017\001\017\360\265#*", __args#1=228, __args#2=..., __args#3=...) at /usr/include/c++/7/bits/std_function.h:706
#5  0x00007ffff76b408b in eprosima::fastrtps::rtps::SenderResource::send (this=0x5555557bd6d0, data=0x55555584eb60 "RTPS\002\002\001\017\001\017\360\265#*", dataLength=228,
    destination_locator=..., timeout=...) at /home/work/workspace/aiot/standard/wave/Fast-RTPS/include/fastrtps/rtps/attributes/../../transport/../rtps/network/SenderResource.h:61
#6  0x00007ffff76b1724 in eprosima::fastrtps::rtps::RTPSParticipantImpl::sendSync (this=0x5555557e2430, msg=0x55555583e958, destination_loc=..., max_blocking_time_point=...)
    at /home/work/workspace/aiot/standard/wave/Fast-RTPS/src/cpp/rtps/participant/RTPSParticipantImpl.cpp:985
#7  0x00007ffff7629501 in eprosima::fastrtps::rtps::RTPSWriter::<lambda(const eprosima::fastrtps::rtps::Locator_t&)>::operator()(const eprosima::fastrtps::rtps::Locator_t &) const (
    __closure=0x7fffffff8990, loc=...) at /home/work/workspace/aiot/standard/wave/Fast-RTPS/src/cpp/rtps/writer/RTPSWriter.cpp:306
#8  0x00007ffff76296f2 in eprosima::fastrtps::rtps::LocatorSelector::for_each<eprosima::fastrtps::rtps::RTPSWriter::send(eprosima::fastrtps::rtps::CDRMessage_t*, std::chrono::_V2::steady_clock::time_point&) const::<lambda(const eprosima::fastrtps::rtps::Locator_t&)> >(eprosima::fastrtps::rtps::RTPSWriter::<lambda(const eprosima::fastrtps::rtps::Locator_t&)>) const (
    this=0x55555583e990, action=...) at /home/work/workspace/aiot/standard/wave/Fast-RTPS/include/fastrtps/rtps/writer/../common/LocatorSelector.hpp:274
#9  0x00007ffff7629582 in eprosima::fastrtps::rtps::RTPSWriter::send (this=0x55555583e830, message=0x55555583e958, max_blocking_time_point=...)
    at /home/work/workspace/aiot/standard/wave/Fast-RTPS/src/cpp/rtps/writer/RTPSWriter.cpp:301
#10 0x00007ffff7656ce6 in eprosima::fastrtps::rtps::StatelessWriter::send (this=0x55555583e830, message=0x55555583e958, max_blocking_time_point=...)
    at /home/work/workspace/aiot/standard/wave/Fast-RTPS/src/cpp/rtps/writer/StatelessWriter.cpp:504
#11 0x00007ffff76936ac in eprosima::fastrtps::rtps::RTPSMessageGroup::send (this=0x7fffffff8bc0)
    at /home/work/workspace/aiot/standard/wave/Fast-RTPS/src/cpp/rtps/messages/RTPSMessageGroup.cpp:222
#12 0x00007ffff76935e6 in eprosima::fastrtps::rtps::RTPSMessageGroup::~RTPSMessageGroup (this=0x7fffffff8bc0, __in_chrg=<optimized out>)
    at /home/work/workspace/aiot/standard/wave/Fast-RTPS/src/cpp/rtps/messages/RTPSMessageGroup.cpp:179
#13 0x00007ffff7654f56 in eprosima::fastrtps::rtps::StatelessWriter::unsent_change_added_to_history (this=0x55555583e830, change=0x55555583d2c0, max_blocking_time=...)
    at /home/work/workspace/aiot/standard/wave/Fast-RTPS/src/cpp/rtps/writer/StatelessWriter.cpp:178
#14 0x00007ffff76683bc in eprosima::fastrtps::rtps::WriterHistory::add_change_ (this=0x55555583bd50, a_change=0x55555583d2c0, wparams=..., max_blocking_time=...)
    at /home/work/workspace/aiot/standard/wave/Fast-RTPS/src/cpp/rtps/history/WriterHistory.cpp:106
#15 0x00007ffff7667cc3 in eprosima::fastrtps::rtps::WriterHistory::add_change (this=0x55555583bd50, a_change=0x55555583d2c0, wparams=...)
    at /home/work/workspace/aiot/standard/wave/Fast-RTPS/src/cpp/rtps/history/WriterHistory.cpp:53
#16 0x00007ffff78602a1 in eprosima::fastrtps::rtps::PDP::announceParticipantState (this=0x5555558143f0, new_change=true, dispose=false, wparams=...)
    at /home/work/workspace/aiot/standard/wave/Fast-RTPS/src/cpp/rtps/builtin/discovery/participant/PDP.cpp:396
#17 0x00007ffff786c131 in eprosima::fastrtps::rtps::PDPSimple::announceParticipantState (this=0x5555558143f0, new_change=true, dispose=false, wp=...)
    at /home/work/workspace/aiot/standard/wave/Fast-RTPS/src/cpp/rtps/builtin/discovery/participant/PDPSimple.cpp:170
#18 0x00007ffff78594d2 in eprosima::fastrtps::rtps::BuiltinProtocols::initBuiltinProtocols (this=0x5555558141f0, p_part=0x5555557e2430, attributes=...)
    at /home/work/workspace/aiot/standard/wave/Fast-RTPS/src/cpp/rtps/builtin/BuiltinProtocols.cpp:134
#19 0x00007ffff76ae097 in eprosima::fastrtps::rtps::RTPSParticipantImpl::RTPSParticipantImpl (this=0x5555557e2430, PParam=..., guidP=..., par=0x5555557e2410, plisten=0x5555557e2178)
    at /home/work/workspace/aiot/standard/wave/Fast-RTPS/src/cpp/rtps/participant/RTPSParticipantImpl.cpp:244
#20 0x00007ffff76b9323 in eprosima::fastrtps::rtps::RTPSDomain::createParticipant (attrs=..., listen=0x5555557e2178)
    at /home/work/workspace/aiot/standard/wave/Fast-RTPS/src/cpp/rtps/RTPSDomain.cpp:158
#21 0x00007ffff76bd609 in eprosima::fastrtps::Domain::createParticipant (att=..., listen=0x0) at /home/work/workspace/aiot/standard/wave/Fast-RTPS/src/cpp/Domain.cpp:166
#22 0x000055555556cb37 in HelloWorldPublisher::init (this=0x7fffffffd450) at /home/work/workspace/aiot/standard/wave/Fast-RTPS/examples/C++/HelloWorldExample/HelloWorldPublisher.cpp:50
```

### thread 2

```
(gdb) bt
#0  0x00007ffff6d49f85 in futex_abstimed_wait_cancelable (private=<optimized out>, abstime=0x7ffff5496d20, expected=0, futex_word=0x5555557e27c4)
    at ../sysdeps/unix/sysv/linux/futex-internal.h:205
#1  __pthread_cond_wait_common (abstime=0x7ffff5496d20, mutex=0x5555557e2770, cond=0x5555557e2798) at pthread_cond_wait.c:539
#2  __pthread_cond_timedwait (cond=0x5555557e2798, mutex=0x5555557e2770, abstime=0x7ffff5496d20) at pthread_cond_wait.c:667
#3  0x00007ffff76138d7 in eprosima::fastrtps::TimedConditionVariable::wait_for<std::timed_mutex>(std::unique_lock<std::timed_mutex>&, std::chrono::duration<long, std::ratio<1l, 1000000000l> > const&, std::function<bool ()>) (this=0x5555557e2798, lock=..., max_blocking_time=..., predicate=...)
    at /home/work/workspace/aiot/standard/wave/Fast-RTPS/include/fastrtps/rtps/resources/../../utils/TimedConditionVariable.hpp:107
#4  0x00007ffff760dd48 in eprosima::fastrtps::rtps::ResourceEvent::run_io_service (this=0x5555557e2760)
    at /home/work/workspace/aiot/standard/wave/Fast-RTPS/src/cpp/rtps/resources/ResourceEvent.cpp:175
#5  0x00007ffff76146c6 in std::__invoke_impl<void, void (eprosima::fastrtps::rtps::ResourceEvent::*)(), eprosima::fastrtps::rtps::ResourceEvent*> (
    __f=@0x5555557c07b0: (void (eprosima::fastrtps::rtps::ResourceEvent::*)(eprosima::fastrtps::rtps::ResourceEvent * const)) 0x7ffff760dc72 <eprosima::fastrtps::rtps::ResourceEvent::run_io_service()>, __t=@0x5555557c07a8: 0x5555557e2760) at /usr/include/c++/7/bits/invoke.h:73
#6  0x00007ffff7613965 in std::__invoke<void (eprosima::fastrtps::rtps::ResourceEvent::*)(), eprosima::fastrtps::rtps::ResourceEvent*> (
    __fn=@0x5555557c07b0: (void (eprosima::fastrtps::rtps::ResourceEvent::*)(eprosima::fastrtps::rtps::ResourceEvent * const)) 0x7ffff760dc72 <eprosima::fastrtps::rtps::ResourceEvent::run_io_service()>, __args#0=@0x5555557c07a8: 0x5555557e2760) at /usr/include/c++/7/bits/invoke.h:95
#7  0x00007ffff76163d1 in std::thread::_Invoker<std::tuple<void (eprosima::fastrtps::rtps::ResourceEvent::*)(), eprosima::fastrtps::rtps::ResourceEvent*> >::_M_invoke<0ul, 1ul> (
    this=0x5555557c07a8) at /usr/include/c++/7/thread:234
#8  0x00007ffff761633e in std::thread::_Invoker<std::tuple<void (eprosima::fastrtps::rtps::ResourceEvent::*)(), eprosima::fastrtps::rtps::ResourceEvent*> >::operator() (this=0x5555557c07a8)
    at /usr/include/c++/7/thread:243
#9  0x00007ffff76162ce in std::thread::_State_impl<std::thread::_Invoker<std::tuple<void (eprosima::fastrtps::rtps::ResourceEvent::*)(), eprosima::fastrtps::rtps::ResourceEvent*> > >::_M_run (this=0x5555557c07a0) at /usr/include/c++/7/thread:186
#10 0x00007ffff6a7066f in ?? () from /usr/lib/x86_64-linux-gnu/libstdc++.so.6
#11 0x00007ffff6d436db in start_thread (arg=0x7ffff5497700) at pthread_create.c:463
#12 0x00007ffff64cb88f in clone () at ../sysdeps/unix/sysv/linux/x86_64/clone.S:95
```

### thread 3

```
(gdb) bt
#0  __lll_lock_wait () at ../sysdeps/unix/sysv/linux/x86_64/lowlevellock.S:135
#1  0x00007ffff6d46098 in __GI___pthread_mutex_lock (mutex=0x55555583e8f8) at ../nptl/pthread_mutex_lock.c:113
#2  0x00007ffff761e977 in __gthread_mutex_lock (__mutex=0x55555583e8f8) at /usr/include/x86_64-linux-gnu/c++/7/bits/gthr-default.h:748
#3  0x00007ffff761ea01 in __gthread_recursive_mutex_lock (__mutex=0x55555583e8f8) at /usr/include/x86_64-linux-gnu/c++/7/bits/gthr-default.h:810
#4  0x00007ffff7620826 in std::recursive_timed_mutex::lock (this=0x55555583e8f8) at /usr/include/c++/7/mutex:252
#5  0x00007ffff762ce56 in std::lock_guard<std::recursive_timed_mutex>::lock_guard (this=0x7ffff4c94d80, __m=...) at /usr/include/c++/7/bits/std_mutex.h:162
#6  0x00007ffff7656bba in eprosima::fastrtps::rtps::StatelessWriter::unsent_changes_reset (this=0x55555583e830)
    at /home/work/workspace/aiot/standard/wave/Fast-RTPS/src/cpp/rtps/writer/StatelessWriter.cpp:488
#7  0x00007ffff786c1aa in eprosima::fastrtps::rtps::PDPSimple::announceParticipantState (this=0x5555558143f0, new_change=false, dispose=false, wp=...)
    at /home/work/workspace/aiot/standard/wave/Fast-RTPS/src/cpp/rtps/builtin/discovery/participant/PDPSimple.cpp:178
#8  0x00007ffff786f428 in eprosima::fastrtps::rtps::PDPListener::onNewCacheChangeAdded (this=0x55555583b3d0, reader=0x55555583b810, change_in=0x555555839e60)
    at /home/work/workspace/aiot/standard/wave/Fast-RTPS/src/cpp/rtps/builtin/discovery/participant/PDPListener.cpp:117
#9  0x00007ffff767f0ea in eprosima::fastrtps::rtps::StatelessReader::change_received (this=0x55555583b810, change=0x555555839e60)
    at /home/work/workspace/aiot/standard/wave/Fast-RTPS/src/cpp/rtps/reader/StatelessReader.cpp:169
#10 0x00007ffff767f91c in eprosima::fastrtps::rtps::StatelessReader::processDataMsg (this=0x55555583b810, change=0x7ffff4c95640)
    at /home/work/workspace/aiot/standard/wave/Fast-RTPS/src/cpp/rtps/reader/StatelessReader.cpp:324
#11 0x00007ffff7699be7 in eprosima::fastrtps::rtps::MessageReceiver::<lambda(eprosima::fastrtps::rtps::RTPSReader*)>::operator()(eprosima::fastrtps::rtps::RTPSReader *) const (
    __closure=0x7ffff4c956e0, reader=0x55555583b810) at /home/work/workspace/aiot/standard/wave/Fast-RTPS/src/cpp/rtps/messages/MessageReceiver.cpp:632
#12 0x00007ffff769c814 in std::_Function_handler<void(eprosima::fastrtps::rtps::RTPSReader*), eprosima::fastrtps::rtps::MessageReceiver::proc_Submsg_Data(eprosima::fastrtps::rtps::CDRMessage_t*, eprosima::fastrtps::rtps::SubmessageHeader_t*)::<lambda(eprosima::fastrtps::rtps::RTPSReader*)> >::_M_invoke(const std::_Any_data &, eprosima::fastrtps::rtps::RTPSReader *&&) (
    __functor=..., __args#0=@0x7ffff4c954f0: 0x55555583b810) at /usr/include/c++/7/bits/std_function.h:316
#13 0x00007ffff76a010f in std::function<void (eprosima::fastrtps::rtps::RTPSReader*)>::operator()(eprosima::fastrtps::rtps::RTPSReader*) const (this=0x7ffff4c956e0, __args#0=0x55555583b810)
    at /usr/include/c++/7/bits/std_function.h:706
#14 0x00007ffff7699a9f in eprosima::fastrtps::rtps::MessageReceiver::findAllReaders(eprosima::fastrtps::rtps::EntityId_t const&, std::function<void (eprosima::fastrtps::rtps::RTPSReader*)>)
    (this=0x5555557f37f0, readerID=..., callback=...) at /home/work/workspace/aiot/standard/wave/Fast-RTPS/src/cpp/rtps/messages/MessageReceiver.cpp:473
#15 0x00007ffff769a83c in eprosima::fastrtps::rtps::MessageReceiver::proc_Submsg_Data (this=0x5555557f37f0, msg=0x5555557e3120, smh=0x7ffff4c958c4)
    at /home/work/workspace/aiot/standard/wave/Fast-RTPS/src/cpp/rtps/messages/MessageReceiver.cpp:629
#16 0x00007ffff769873b in eprosima::fastrtps::rtps::MessageReceiver::processCDRMsg (this=0x5555557f37f0, loc=..., msg=0x5555557e3120)
    at /home/work/workspace/aiot/standard/wave/Fast-RTPS/src/cpp/rtps/messages/MessageReceiver.cpp:232
#17 0x00007ffff76aa255 in eprosima::fastrtps::rtps::ReceiverResource::OnDataReceived (this=0x5555557e30a0, data=0x5555557e34f0 "RTPS\002\002\001\017\001\017\360\265\272\037", size=228,
    localLocator=..., remoteLocator=...) at /home/work/workspace/aiot/standard/wave/Fast-RTPS/src/cpp/rtps/network/ReceiverResource.cpp:99
#18 0x00007ffff76f1073 in eprosima::fastrtps::rtps::UDPChannelResource::perform_listen_operation (this=0x5555557bf960, input_locator=...)
    at /home/work/workspace/aiot/standard/wave/Fast-RTPS/src/cpp/transport/UDPChannelResource.cpp:63
#19 0x00007ffff76f3819 in std::__invoke_impl<void, void (eprosima::fastrtps::rtps::UDPChannelResource::*)(eprosima::fastrtps::rtps::Locator_t), eprosima::fastrtps::rtps::UDPChannelResource*, eprosima::fastrtps::rtps::Locator_t> (__f=
    @0x5555557c2328: (void (eprosima::fastrtps::rtps::UDPChannelResource::*)(eprosima::fastrtps::rtps::UDPChannelResource * const, eprosima::fastrtps::rtps::Locator_t)) 0x7ffff76f0f6e <eprosima::fastrtps::rtps::UDPChannelResource::perform_listen_operation(eprosima::fastrtps::rtps::Locator_t)>, __t=@0x5555557c2320: 0x5555557bf960, __args#0=...)
    at /usr/include/c++/7/bits/invoke.h:73
#20 0x00007ffff76f30b7 in std::__invoke<void (eprosima::fastrtps::rtps::UDPChannelResource::*)(eprosima::fastrtps::rtps::Locator_t), eprosima::fastrtps::rtps::UDPChannelResource*, eprosima::fastrtps::rtps::Locator_t> (__fn=
    @0x5555557c2328: (void (eprosima::fastrtps::rtps::UDPChannelResource::*)(eprosima::fastrtps::rtps::UDPChannelResource * const, eprosima::fastrtps::rtps::Locator_t)) 0x7ffff76f0f6e <eprosima::fastrtps::rtps::UDPChannelResource::perform_listen_operation(eprosima::fastrtps::rtps::Locator_t)>, __args#0=@0x5555557c2320: 0x5555557bf960, __args#1=...)
    at /usr/include/c++/7/bits/invoke.h:95
#21 0x00007ffff76f4083 in std::thread::_Invoker<std::tuple<void (eprosima::fastrtps::rtps::UDPChannelResource::*)(eprosima::fastrtps::rtps::Locator_t), eprosima::fastrtps::rtps::UDPChannelResource*, eprosima::fastrtps::rtps::Locator_t> >::_M_invoke<0ul, 1ul, 2ul> (this=0x5555557c2308) at /usr/include/c++/7/thread:234
#22 0x00007ffff76f4008 in std::thread::_Invoker<std::tuple<void (eprosima::fastrtps::rtps::UDPChannelResource::*)(eprosima::fastrtps::rtps::Locator_t), eprosima::fastrtps::rtps::UDPChannelResource*, eprosima::fastrtps::rtps::Locator_t> >::operator() (this=0x5555557c2308) at /usr/include/c++/7/thread:243
#23 0x00007ffff76f3fd8 in std::thread::_State_impl<std::thread::_Invoker<std::tuple<void (eprosima::fastrtps::rtps::UDPChannelResource::*)(eprosima::fastrtps::rtps::Locator_t), eprosima::fastrtps::rtps::UDPChannelResource*, eprosima::fastrtps::rtps::Locator_t> > >::_M_run (this=0x5555557c2300) at /usr/include/c++/7/thread:186
#24 0x00007ffff6a7066f in ?? () from /usr/lib/x86_64-linux-gnu/libstdc++.so.6
#25 0x00007ffff6d436db in start_thread (arg=0x7ffff4c96700) at pthread_create.c:463
#26 0x00007ffff64cb88f in clone () at ../sysdeps/unix/sysv/linux/x86_64/clone.S:95
```

### thread 4

```
(gdb) bt
#0  0x00007ffff6d4e567 in __libc_recvmsg (fd=7, msg=0x7fffefffe6f0, flags=0) at ../sysdeps/unix/sysv/linux/recvmsg.c:28
#1  0x00007ffff76f23d3 in asio::detail::socket_ops::recvfrom (s=7, bufs=0x7fffefffe830, count=1, flags=0, addr=0x7fffefffe9a0, addrlen=0x7fffefffe820, ec=...)
    at /usr/include/asio/detail/impl/socket_ops.ipp:933
#2  0x00007ffff76f24c8 in asio::detail::socket_ops::sync_recvfrom (s=7, state=32 ' ', bufs=0x7fffefffe830, count=1, flags=0, addr=0x7fffefffe9a0, addrlen=0x7fffefffe820, ec=...)
    at /usr/include/asio/detail/impl/socket_ops.ipp:956
#3  0x00007ffff76f3cf5 in asio::detail::reactive_socket_service<asio::ip::udp>::receive_from<asio::mutable_buffers_1> (this=0x5555557c2128, impl=..., buffers=..., sender_endpoint=...,
    flags=0, ec=...) at /usr/include/asio/detail/reactive_socket_service.hpp:282
#4  0x00007ffff76f391d in asio::datagram_socket_service<asio::ip::udp>::receive_from<asio::mutable_buffers_1> (this=0x5555557c2100, impl=..., buffers=..., sender_endpoint=..., flags=0,
    ec=...) at /usr/include/asio/datagram_socket_service.hpp:395
#5  0x00007ffff76f3259 in asio::basic_datagram_socket<asio::ip::udp, asio::datagram_socket_service<asio::ip::udp> >::receive_from<asio::mutable_buffers_1> (this=0x5555557f39a0,
    buffers=..., sender_endpoint=...) at /usr/include/asio/basic_datagram_socket.hpp:789
#6  0x00007ffff76f1275 in eprosima::fastrtps::rtps::UDPChannelResource::Receive (this=0x5555557f3960, receive_buffer=0x5555557f3a00 "RTPS\002\002\001\017\001\017\360\265\272\037",
    receive_buffer_capacity=65500, receive_buffer_size=@0x5555557f3978: 68, remote_locator=...)
    at /home/work/workspace/aiot/standard/wave/Fast-RTPS/src/cpp/transport/UDPChannelResource.cpp:84
#7  0x00007ffff76f100b in eprosima::fastrtps::rtps::UDPChannelResource::perform_listen_operation (this=0x5555557f3960, input_locator=...)
    at /home/work/workspace/aiot/standard/wave/Fast-RTPS/src/cpp/transport/UDPChannelResource.cpp:55
#8  0x00007ffff76f3819 in std::__invoke_impl<void, void (eprosima::fastrtps::rtps::UDPChannelResource::*)(eprosima::fastrtps::rtps::Locator_t), eprosima::fastrtps::rtps::UDPChannelResource*, eprosima::fastrtps::rtps::Locator_t> (__f=
    @0x5555557c0cc8: (void (eprosima::fastrtps::rtps::UDPChannelResource::*)(eprosima::fastrtps::rtps::UDPChannelResource * const, eprosima::fastrtps::rtps::Locator_t)) 0x7ffff76f0f6e <eprosima::fastrtps::rtps::UDPChannelResource::perform_listen_operation(eprosima::fastrtps::rtps::Locator_t)>, __t=@0x5555557c0cc0: 0x5555557f3960, __args#0=...)
    at /usr/include/c++/7/bits/invoke.h:73
#9  0x00007ffff76f30b7 in std::__invoke<void (eprosima::fastrtps::rtps::UDPChannelResource::*)(eprosima::fastrtps::rtps::Locator_t), eprosima::fastrtps::rtps::UDPChannelResource*, eprosima::fastrtps::rtps::Locator_t> (__fn=
    @0x5555557c0cc8: (void (eprosima::fastrtps::rtps::UDPChannelResource::*)(eprosima::fastrtps::rtps::UDPChannelResource * const, eprosima::fastrtps::rtps::Locator_t)) 0x7ffff76f0f6e <eprosima::fastrtps::rtps::UDPChannelResource::perform_listen_operation(eprosima::fastrtps::rtps::Locator_t)>, __args#0=@0x5555557c0cc0: 0x5555557f3960, __args#1=...)
    at /usr/include/c++/7/bits/invoke.h:95
#10 0x00007ffff76f4083 in std::thread::_Invoker<std::tuple<void (eprosima::fastrtps::rtps::UDPChannelResource::*)(eprosima::fastrtps::rtps::Locator_t), eprosima::fastrtps::rtps::UDPChannelResource*, eprosima::fastrtps::rtps::Locator_t> >::_M_invoke<0ul, 1ul, 2ul> (this=0x5555557c0ca8) at /usr/include/c++/7/thread:234
#11 0x00007ffff76f4008 in std::thread::_Invoker<std::tuple<void (eprosima::fastrtps::rtps::UDPChannelResource::*)(eprosima::fastrtps::rtps::Locator_t), eprosima::fastrtps::rtps::UDPChannelResource*, eprosima::fastrtps::rtps::Locator_t> >::operator() (this=0x5555557c0ca8) at /usr/include/c++/7/thread:243
#12 0x00007ffff76f3fd8 in std::thread::_State_impl<std::thread::_Invoker<std::tuple<void (eprosima::fastrtps::rtps::UDPChannelResource::*)(eprosima::fastrtps::rtps::Locator_t), eprosima::fastrtps::rtps::UDPChannelResource*, eprosima::fastrtps::rtps::Locator_t> > >::_M_run (this=0x5555557c0ca0) at /usr/include/c++/7/thread:186
#13 0x00007ffff6a7066f in ?? () from /usr/lib/x86_64-linux-gnu/libstdc++.so.6
#14 0x00007ffff6d436db in start_thread (arg=0x7fffeffff700) at pthread_create.c:463
#15 0x00007ffff64cb88f in clone () at ../sysdeps/unix/sysv/linux/x86_64/clone.S:95
```

### thread 5

```
(gdb) thread 5
[Switching to thread 5 (Thread 0x7fffef7fe700 (LWP 10796))]
#0  0x00007ffff6d4e567 in __libc_recvmsg (fd=8, msg=0x7fffef7fd6f0, flags=0) at ../sysdeps/unix/sysv/linux/recvmsg.c:28
28	in ../sysdeps/unix/sysv/linux/recvmsg.c
(gdb) bt
#0  0x00007ffff6d4e567 in __libc_recvmsg (fd=8, msg=0x7fffef7fd6f0, flags=0) at ../sysdeps/unix/sysv/linux/recvmsg.c:28
#1  0x00007ffff76f23d3 in asio::detail::socket_ops::recvfrom (s=8, bufs=0x7fffef7fd830, count=1, flags=0, addr=0x7fffef7fd9a0, addrlen=0x7fffef7fd820, ec=...)
    at /usr/include/asio/detail/impl/socket_ops.ipp:933
#2  0x00007ffff76f24c8 in asio::detail::socket_ops::sync_recvfrom (s=8, state=32 ' ', bufs=0x7fffef7fd830, count=1, flags=0, addr=0x7fffef7fd9a0, addrlen=0x7fffef7fd820, ec=...)
    at /usr/include/asio/detail/impl/socket_ops.ipp:956
#3  0x00007ffff76f3cf5 in asio::detail::reactive_socket_service<asio::ip::udp>::receive_from<asio::mutable_buffers_1> (this=0x5555557c2128, impl=..., buffers=..., sender_endpoint=...,
    flags=0, ec=...) at /usr/include/asio/detail/reactive_socket_service.hpp:282
#4  0x00007ffff76f391d in asio::datagram_socket_service<asio::ip::udp>::receive_from<asio::mutable_buffers_1> (this=0x5555557c2100, impl=..., buffers=..., sender_endpoint=..., flags=0,
    ec=...) at /usr/include/asio/datagram_socket_service.hpp:395
#5  0x00007ffff76f3259 in asio::basic_datagram_socket<asio::ip::udp, asio::datagram_socket_service<asio::ip::udp> >::receive_from<asio::mutable_buffers_1> (this=0x555555803f80,
    buffers=..., sender_endpoint=...) at /usr/include/asio/basic_datagram_socket.hpp:789
#6  0x00007ffff76f1275 in eprosima::fastrtps::rtps::UDPChannelResource::Receive (this=0x555555803f40, receive_buffer=0x555555803fe0 "", receive_buffer_capacity=65500,
    receive_buffer_size=@0x555555803f58: 0, remote_locator=...) at /home/work/workspace/aiot/standard/wave/Fast-RTPS/src/cpp/transport/UDPChannelResource.cpp:84
#7  0x00007ffff76f100b in eprosima::fastrtps::rtps::UDPChannelResource::perform_listen_operation (this=0x555555803f40, input_locator=...)
    at /home/work/workspace/aiot/standard/wave/Fast-RTPS/src/cpp/transport/UDPChannelResource.cpp:55
#8  0x00007ffff76f3819 in std::__invoke_impl<void, void (eprosima::fastrtps::rtps::UDPChannelResource::*)(eprosima::fastrtps::rtps::Locator_t), eprosima::fastrtps::rtps::UDPChannelResource*, eprosima::fastrtps::rtps::Locator_t> (__f=
    @0x5555557bf428: (void (eprosima::fastrtps::rtps::UDPChannelResource::*)(eprosima::fastrtps::rtps::UDPChannelResource * const, eprosima::fastrtps::rtps::Locator_t)) 0x7ffff76f0f6e <eprosima::fastrtps::rtps::UDPChannelResource::perform_listen_operation(eprosima::fastrtps::rtps::Locator_t)>, __t=@0x5555557bf420: 0x555555803f40, __args#0=...)
    at /usr/include/c++/7/bits/invoke.h:73
#9  0x00007ffff76f30b7 in std::__invoke<void (eprosima::fastrtps::rtps::UDPChannelResource::*)(eprosima::fastrtps::rtps::Locator_t), eprosima::fastrtps::rtps::UDPChannelResource*, eprosima::fastrtps::rtps::Locator_t> (__fn=
    @0x5555557bf428: (void (eprosima::fastrtps::rtps::UDPChannelResource::*)(eprosima::fastrtps::rtps::UDPChannelResource * const, eprosima::fastrtps::rtps::Locator_t)) 0x7ffff76f0f6e <eprosima::fastrtps::rtps::UDPChannelResource::perform_listen_operation(eprosima::fastrtps::rtps::Locator_t)>, __args#0=@0x5555557bf420: 0x555555803f40, __args#1=...)
    at /usr/include/c++/7/bits/invoke.h:95
#10 0x00007ffff76f4083 in std::thread::_Invoker<std::tuple<void (eprosima::fastrtps::rtps::UDPChannelResource::*)(eprosima::fastrtps::rtps::Locator_t), eprosima::fastrtps::rtps::UDPChannelResource*, eprosima::fastrtps::rtps::Locator_t> >::_M_invoke<0ul, 1ul, 2ul> (this=0x5555557bf408) at /usr/include/c++/7/thread:234
#11 0x00007ffff76f4008 in std::thread::_Invoker<std::tuple<void (eprosima::fastrtps::rtps::UDPChannelResource::*)(eprosima::fastrtps::rtps::Locator_t), eprosima::fastrtps::rtps::UDPChannelResource*, eprosima::fastrtps::rtps::Locator_t> >::operator() (this=0x5555557bf408) at /usr/include/c++/7/thread:243
#12 0x00007ffff76f3fd8 in std::thread::_State_impl<std::thread::_Invoker<std::tuple<void (eprosima::fastrtps::rtps::UDPChannelResource::*)(eprosima::fastrtps::rtps::Locator_t), eprosima::fastrtps::rtps::UDPChannelResource*, eprosima::fastrtps::rtps::Locator_t> > >::_M_run (this=0x5555557bf400) at /usr/include/c++/7/thread:186
#13 0x00007ffff6a7066f in ?? () from /usr/lib/x86_64-linux-gnu/libstdc++.so.6
#14 0x00007ffff6d436db in start_thread (arg=0x7fffef7fe700) at pthread_create.c:463
#15 0x00007ffff64cb88f in clone () at ../sysdeps/unix/sysv/linux/x86_64/clone.S:95
```

### thread 6

```
(gdb) thread 6
[Switching to thread 6 (Thread 0x7fffeeffd700 (LWP 10797))]
#0  0x00007ffff6d499f3 in futex_wait_cancelable (private=<optimized out>, expected=0, futex_word=0x5555557e2958) at ../sysdeps/unix/sysv/linux/futex-internal.h:88
88	../sysdeps/unix/sysv/linux/futex-internal.h: No such file or directory.
(gdb) bt
#0  0x00007ffff6d499f3 in futex_wait_cancelable (private=<optimized out>, expected=0, futex_word=0x5555557e2958) at ../sysdeps/unix/sysv/linux/futex-internal.h:88
#1  __pthread_cond_wait_common (abstime=0x0, mutex=0x5555557e2898, cond=0x5555557e2930) at pthread_cond_wait.c:502
#2  __pthread_cond_wait (cond=0x5555557e2930, mutex=0x5555557e2898) at pthread_cond_wait.c:655
#3  0x00007ffff7620c40 in eprosima::fastrtps::TimedConditionVariable::wait<std::recursive_timed_mutex> (this=0x5555557e2930, lock=...)
    at /home/work/workspace/aiot/standard/wave/Fast-RTPS/include/fastrtps/utils/TimedConditionVariable.hpp:87
#4  0x00007ffff761efd7 in eprosima::fastrtps::rtps::AsyncWriterThread::run (this=0x5555557e2890)
    at /home/work/workspace/aiot/standard/wave/Fast-RTPS/src/cpp/rtps/resources/AsyncWriterThread.cpp:135
#5  0x00007ffff7620e98 in std::__invoke_impl<void, void (eprosima::fastrtps::rtps::AsyncWriterThread::*)(), eprosima::fastrtps::rtps::AsyncWriterThread*> (
    __f=@0x55555585ed90: (void (eprosima::fastrtps::rtps::AsyncWriterThread::*)(eprosima::fastrtps::rtps::AsyncWriterThread * const)) 0x7ffff761eec4 <eprosima::fastrtps::rtps::AsyncWriterThread::run()>, __t=@0x55555585ed88: 0x5555557e2890) at /usr/include/c++/7/bits/invoke.h:73
#6  0x00007ffff7620a76 in std::__invoke<void (eprosima::fastrtps::rtps::AsyncWriterThread::*)(), eprosima::fastrtps::rtps::AsyncWriterThread*> (
    __fn=@0x55555585ed90: (void (eprosima::fastrtps::rtps::AsyncWriterThread::*)(eprosima::fastrtps::rtps::AsyncWriterThread * const)) 0x7ffff761eec4 <eprosima::fastrtps::rtps::AsyncWriterThread::run()>, __args#0=@0x55555585ed88: 0x5555557e2890) at /usr/include/c++/7/bits/invoke.h:95
#7  0x00007ffff76212c9 in std::thread::_Invoker<std::tuple<void (eprosima::fastrtps::rtps::AsyncWriterThread::*)(), eprosima::fastrtps::rtps::AsyncWriterThread*> >::_M_invoke<0ul, 1ul> (
    this=0x55555585ed88) at /usr/include/c++/7/thread:234
#8  0x00007ffff762126a in std::thread::_Invoker<std::tuple<void (eprosima::fastrtps::rtps::AsyncWriterThread::*)(), eprosima::fastrtps::rtps::AsyncWriterThread*> >::operator() (
    this=0x55555585ed88) at /usr/include/c++/7/thread:243
#9  0x00007ffff762123a in std::thread::_State_impl<std::thread::_Invoker<std::tuple<void (eprosima::fastrtps::rtps::AsyncWriterThread::*)(), eprosima::fastrtps::rtps::AsyncWriterThread*> > >::_M_run (this=0x55555585ed80) at /usr/include/c++/7/thread:186
#10 0x00007ffff6a7066f in ?? () from /usr/lib/x86_64-linux-gnu/libstdc++.so.6
#11 0x00007ffff6d436db in start_thread (arg=0x7fffeeffd700) at pthread_create.c:463
#12 0x00007ffff64cb88f in clone () at ../sysdeps/unix/sysv/linux/x86_64/clone.S:95
```
